nums = [1, 2, 2, 3, 3, 3]
k = 2

count = {}
freq = [[], [], [], [], [], [], []]
res = []


for (const n of nums)

n = 1
count[1] = (count[1] || 0) + 1
count = { 1: 1 }

n = 2
count[2] = (count[2] || 0) + 1
count = { 1: 1, 2: 1 }

n = 2
count[2] = (count[2] || 0) + 1
count = { 1: 1, 2: 2 }

n = 3
count[3] = (count[3] || 0) + 1
count = { 1: 1, 2: 2, 3: 1 }

n = 3
count[3] = (count[3] || 0) + 1
count = { 1: 1, 2: 2, 3: 2 }

n = 3
count[3] = (count[3] || 0) + 1
count = { 1: 1, 2: 2, 3: 3 }


for (const n in count)

n = "1"
count[n] = 1
freq[1].push(1)

freq = [
    [],
    [1],
    [],
    [],
    [],
    [],
    []
]

n = "2"
count[n] = 2
freq[2].push(2)

freq = [
    [],
    [1],
    [2],
    [],
    [],
    [],
    []
]

n = "3"
count[n] = 3
freq[3].push(3)

freq = [
    [],
    [1],
    [2],
    [3],
    [],
    [],
    []
]


const res = []

for (let i = freq.length - 1; i > 0; i--)

i = 6
freq[6] = []
nothing happens

i = 5
freq[5] = []
nothing happens

i = 4
freq[4] = []
nothing happens

i = 3
freq[3] = [3]

n = 3
res.push(3)
res = [3]

res.length === k
1 === 2
false

i = 2
freq[2] = [2]

n = 2
res.push(2)
res = [3, 2]

res.length === k
2 === 2
true

return res

result = [3, 2]
